2026-01-07 16:52:43 - Starting AuthServiceApplication using Java 17.0.17 with PID 26252 (C:\Users\We10\Documents\GitHub\TeenTracker\Backend\auth-service\target\classes started by We10 in C:\Users\We10\Documents\GitHub\TeenTracker\Backend\auth-service)
2026-01-07 16:52:43 - No active profile set, falling back to 1 default profile: "default"
2026-01-07 16:52:46 - Bootstrapping Spring Data JPA repositories in DEFAULT mode.
2026-01-07 16:52:46 - Finished Spring Data repository scanning in 314 ms. Found 1 JPA repository interface.
2026-01-07 16:52:47 - BeanFactory id=73d6191d-cf25-33db-a855-340a76601a07
2026-01-07 16:52:48 - Tomcat initialized with port 8085 (http)
2026-01-07 16:52:48 - Starting service [Tomcat]
2026-01-07 16:52:48 - Starting Servlet engine: [Apache Tomcat/10.1.33]
2026-01-07 16:52:48 - Initializing Spring embedded WebApplicationContext
2026-01-07 16:52:48 - Root WebApplicationContext: initialization completed in 4861 ms
2026-01-07 16:52:49 - HHH000204: Processing PersistenceUnitInfo [name: default]
2026-01-07 16:52:49 - HHH000412: Hibernate ORM core version 6.6.2.Final
2026-01-07 16:52:49 - HHH000026: Second-level cache disabled
2026-01-07 16:52:50 - No LoadTimeWeaver setup: ignoring JPA class transformer
2026-01-07 16:52:50 - HikariPool-1 - Starting...
2026-01-07 16:52:55 - HikariPool-1 - Added connection conn1: url=jdbc:h2:file:./data/auth_db user=SA
2026-01-07 16:52:55 - HikariPool-1 - Start completed.
2026-01-07 16:52:55 - HHH10001005: Database info:
	Database JDBC URL [Connecting through datasource 'HikariDataSource (HikariPool-1)']
	Database driver: undefined/unknown
	Database version: 2.3.232
	Autocommit mode: undefined/unknown
	Isolation level: undefined/unknown
	Minimum pool size: undefined/unknown
	Maximum pool size: undefined/unknown
2026-01-07 16:52:56 - HHH000489: No JTA platform available (set 'hibernate.transaction.jta.platform' to enable JTA platform integration)
2026-01-07 16:52:56 - Initialized JPA EntityManagerFactory for persistence unit 'default'
2026-01-07 16:52:56 - Global AuthenticationManager configured with UserDetailsService bean with name customUserDetailsService
2026-01-07 16:52:58 - Exposing 1 endpoint beneath base path '/actuator'
2026-01-07 16:53:00 - Eureka HTTP Client uses RestTemplate.
2026-01-07 16:53:00 - Spring Cloud LoadBalancer is currently working with the default cache. While this cache implementation is useful for development and tests, it's recommended to use Caffeine cache in production.You can switch to using Caffeine cache, by adding it and org.springframework.cache.caffeine.CaffeineCacheManager to the classpath.
2026-01-07 16:53:00 - Setting initial instance status as: STARTING
2026-01-07 16:53:00 - Initializing Eureka in region us-east-1
2026-01-07 16:53:00 - Resolving eureka endpoints via configuration
2026-01-07 16:53:00 - Disable delta property : false
2026-01-07 16:53:00 - Single vip registry refresh property : null
2026-01-07 16:53:00 - Force full registry fetch : false
2026-01-07 16:53:00 - Application is null : false
2026-01-07 16:53:00 - Registered Applications size is zero : true
2026-01-07 16:53:00 - Application version is -1: true
2026-01-07 16:53:00 - Getting all instance registry info from the eureka server
2026-01-07 16:53:01 - The response status is 200
2026-01-07 16:53:01 - Starting heartbeat executor: renew interval is: 30
2026-01-07 16:53:01 - InstanceInfoReplicator onDemand update allowed rate per min is 4
2026-01-07 16:53:01 - Discovery Client initialized at timestamp 1767801181739 with initial instances count: 3
2026-01-07 16:53:01 - Registering application AUTH-SERVICE with eureka with status UP
2026-01-07 16:53:01 - Saw local status change event StatusChangeEvent [timestamp=1767801181757, current=UP, previous=STARTING]
2026-01-07 16:53:01 - DiscoveryClient_AUTH-SERVICE/DESKTOP-I9GMSBV:auth-service:8085: registering service...
2026-01-07 16:53:01 - Tomcat started on port 8085 (http) with context path '/'
2026-01-07 16:53:01 - Updating port to 8085
2026-01-07 16:53:01 - DiscoveryClient_AUTH-SERVICE/DESKTOP-I9GMSBV:auth-service:8085 - registration status: 204
2026-01-07 16:53:02 - Started AuthServiceApplication in 20.199 seconds (process running for 21.541)
2026-01-07 16:54:07 - Initializing Spring DispatcherServlet 'dispatcherServlet'
2026-01-07 16:54:07 - Initializing Servlet 'dispatcherServlet'
2026-01-07 16:54:07 - Completed initialization in 2 ms
