2026-01-07 16:52:16 - Starting DashboardApplication using Java 17.0.17 with PID 8816 (C:\Users\We10\Documents\GitHub\TeenTracker\Backend\dashboard-service\target\classes started by We10 in C:\Users\We10\Documents\GitHub\TeenTracker\Backend\dashboard-service)
2026-01-07 16:52:16 - No active profile set, falling back to 1 default profile: "default"
2026-01-07 16:52:22 - BeanFactory id=fb73ae4d-d621-3380-94a0-87fdb0886fe4
2026-01-07 16:52:24 - Tomcat initialized with port 8083 (http)
2026-01-07 16:52:24 - Starting service [Tomcat]
2026-01-07 16:52:24 - Starting Servlet engine: [Apache Tomcat/10.1.33]
2026-01-07 16:52:24 - Initializing Spring embedded WebApplicationContext
2026-01-07 16:52:24 - Root WebApplicationContext: initialization completed in 8028 ms
2026-01-07 16:52:27 - 

Using generated security password: 3295a2de-4fbd-48d3-97c6-7d48047ccaab

This generated password is for development use only. Your security configuration must be updated before running your application in production.

2026-01-07 16:52:27 - Global AuthenticationManager configured with UserDetailsService bean with name inMemoryUserDetailsManager
2026-01-07 16:52:28 - Adding welcome page template: index
2026-01-07 16:52:31 - Exposing 1 endpoint beneath base path '/actuator'
2026-01-07 16:52:33 - Eureka HTTP Client uses RestTemplate.
2026-01-07 16:52:34 - Spring Cloud LoadBalancer is currently working with the default cache. While this cache implementation is useful for development and tests, it's recommended to use Caffeine cache in production.You can switch to using Caffeine cache, by adding it and org.springframework.cache.caffeine.CaffeineCacheManager to the classpath.
2026-01-07 16:52:34 - Setting initial instance status as: STARTING
2026-01-07 16:52:34 - Initializing Eureka in region us-east-1
2026-01-07 16:52:34 - Resolving eureka endpoints via configuration
2026-01-07 16:52:34 - Disable delta property : false
2026-01-07 16:52:34 - Single vip registry refresh property : null
2026-01-07 16:52:34 - Force full registry fetch : false
2026-01-07 16:52:34 - Application is null : false
2026-01-07 16:52:34 - Registered Applications size is zero : true
2026-01-07 16:52:34 - Application version is -1: true
2026-01-07 16:52:34 - Getting all instance registry info from the eureka server
2026-01-07 16:52:37 - The response status is 200
2026-01-07 16:52:37 - Starting heartbeat executor: renew interval is: 30
2026-01-07 16:52:37 - InstanceInfoReplicator onDemand update allowed rate per min is 4
2026-01-07 16:52:37 - Discovery Client initialized at timestamp 1767801157519 with initial instances count: 1
2026-01-07 16:52:37 - Registering application DASHBOARD-SERVICE with eureka with status UP
2026-01-07 16:52:37 - Saw local status change event StatusChangeEvent [timestamp=1767801157548, current=UP, previous=STARTING]
2026-01-07 16:52:37 - DiscoveryClient_DASHBOARD-SERVICE/DESKTOP-I9GMSBV:dashboard-service:8083: registering service...
2026-01-07 16:52:37 - Tomcat started on port 8083 (http) with context path '/'
2026-01-07 16:52:37 - Updating port to 8083
2026-01-07 16:52:38 - DiscoveryClient_DASHBOARD-SERVICE/DESKTOP-I9GMSBV:dashboard-service:8083 - registration status: 204
2026-01-07 16:52:38 - Started DashboardApplication in 25.409 seconds (process running for 27.086)
2026-01-07 16:52:38 - Service de tableau de bord démarré avec succès
2026-01-07 16:54:07 - Initializing Spring DispatcherServlet 'dispatcherServlet'
2026-01-07 16:54:07 - Initializing Servlet 'dispatcherServlet'
2026-01-07 16:54:07 - Completed initialization in 2 ms
