2026-01-07 16:52:46 - Starting ProductApplication using Java 17.0.17 with PID 22068 (C:\Users\We10\Documents\GitHub\TeenTracker\Backend\product-service\target\classes started by We10 in C:\Users\We10\Documents\GitHub\TeenTracker\Backend\product-service)
2026-01-07 16:52:46 - No active profile set, falling back to 1 default profile: "default"
2026-01-07 16:52:48 - Bootstrapping Spring Data JPA repositories in DEFAULT mode.
2026-01-07 16:52:49 - Finished Spring Data repository scanning in 326 ms. Found 2 JPA repository interfaces.
2026-01-07 16:52:49 - BeanFactory id=025e0dca-a53a-36b0-b47a-3ab417e44674
2026-01-07 16:52:51 - Tomcat initialized with port 8082 (http)
2026-01-07 16:52:51 - Starting service [Tomcat]
2026-01-07 16:52:51 - Starting Servlet engine: [Apache Tomcat/10.1.33]
2026-01-07 16:52:51 - Initializing Spring embedded WebApplicationContext
2026-01-07 16:52:51 - Root WebApplicationContext: initialization completed in 4657 ms
2026-01-07 16:52:52 - HHH000204: Processing PersistenceUnitInfo [name: default]
2026-01-07 16:52:52 - HHH000412: Hibernate ORM core version 6.6.2.Final
2026-01-07 16:52:52 - HHH000026: Second-level cache disabled
2026-01-07 16:52:52 - No LoadTimeWeaver setup: ignoring JPA class transformer
2026-01-07 16:52:52 - HikariPool-1 - Starting...
2026-01-07 16:52:57 - HikariPool-1 - Added connection conn1: url=jdbc:h2:file:./data/product_db user=SA
2026-01-07 16:52:57 - HikariPool-1 - Start completed.
2026-01-07 16:52:57 - HHH10001005: Database info:
	Database JDBC URL [Connecting through datasource 'HikariDataSource (HikariPool-1)']
	Database driver: undefined/unknown
	Database version: 2.3.232
	Autocommit mode: undefined/unknown
	Isolation level: undefined/unknown
	Minimum pool size: undefined/unknown
	Maximum pool size: undefined/unknown
2026-01-07 16:52:59 - HHH000489: No JTA platform available (set 'hibernate.transaction.jta.platform' to enable JTA platform integration)
2026-01-07 16:52:59 - Initialized JPA EntityManagerFactory for persistence unit 'default'
2026-01-07 16:53:00 - 

Using generated security password: a3c6bc81-ce3a-4c04-a8bb-36d30d256db4

This generated password is for development use only. Your security configuration must be updated before running your application in production.

2026-01-07 16:53:00 - Global AuthenticationManager configured with UserDetailsService bean with name inMemoryUserDetailsManager
2026-01-07 16:53:01 - Exposing 1 endpoint beneath base path '/actuator'
2026-01-07 16:53:03 - Eureka HTTP Client uses RestTemplate.
2026-01-07 16:53:03 - Spring Cloud LoadBalancer is currently working with the default cache. While this cache implementation is useful for development and tests, it's recommended to use Caffeine cache in production.You can switch to using Caffeine cache, by adding it and org.springframework.cache.caffeine.CaffeineCacheManager to the classpath.
2026-01-07 16:53:03 - Setting initial instance status as: STARTING
2026-01-07 16:53:03 - Initializing Eureka in region us-east-1
2026-01-07 16:53:03 - Resolving eureka endpoints via configuration
2026-01-07 16:53:03 - Disable delta property : false
2026-01-07 16:53:03 - Single vip registry refresh property : null
2026-01-07 16:53:03 - Force full registry fetch : false
2026-01-07 16:53:03 - Application is null : false
2026-01-07 16:53:03 - Registered Applications size is zero : true
2026-01-07 16:53:03 - Application version is -1: true
2026-01-07 16:53:03 - Getting all instance registry info from the eureka server
2026-01-07 16:53:04 - The response status is 200
2026-01-07 16:53:04 - Starting heartbeat executor: renew interval is: 30
2026-01-07 16:53:04 - InstanceInfoReplicator onDemand update allowed rate per min is 4
2026-01-07 16:53:04 - Discovery Client initialized at timestamp 1767801184461 with initial instances count: 3
2026-01-07 16:53:04 - Registering application PRODUCT-SERVICE with eureka with status UP
2026-01-07 16:53:04 - Saw local status change event StatusChangeEvent [timestamp=1767801184479, current=UP, previous=STARTING]
2026-01-07 16:53:04 - DiscoveryClient_PRODUCT-SERVICE/DESKTOP-I9GMSBV:product-service:8082: registering service...
2026-01-07 16:53:04 - Tomcat started on port 8082 (http) with context path '/'
2026-01-07 16:53:04 - Updating port to 8082
2026-01-07 16:53:04 - DiscoveryClient_PRODUCT-SERVICE/DESKTOP-I9GMSBV:product-service:8082 - registration status: 204
2026-01-07 16:53:04 - Started ProductApplication in 19.433 seconds (process running for 20.867)
2026-01-07 16:53:04 - Service de produit démarré avec succès
2026-01-07 16:54:07 - Initializing Spring DispatcherServlet 'dispatcherServlet'
2026-01-07 16:54:07 - Initializing Servlet 'dispatcherServlet'
2026-01-07 16:54:07 - Completed initialization in 4 ms
