2026-06-25 21:10:19 - Starting AuthServiceApplication using Java 21.0.11 with PID 18476 (C:\Users\We10\Documents\GitHub\TeenTracker\Backend\auth-service\target\classes started by We10 in C:\Users\We10\Documents\GitHub\TeenTracker\Backend\auth-service)
2026-06-25 21:10:19 - No active profile set, falling back to 1 default profile: "default"
2026-06-25 21:10:24 - Bootstrapping Spring Data JPA repositories in DEFAULT mode.
2026-06-25 21:10:25 - Finished Spring Data repository scanning in 581 ms. Found 3 JPA repository interfaces.
2026-06-25 21:10:25 - BeanFactory id=ea0112ec-0408-3d09-8f9a-483d9e84ba0c
2026-06-25 21:10:28 - Tomcat initialized with port 8085 (http)
2026-06-25 21:10:28 - Starting service [Tomcat]
2026-06-25 21:10:28 - Starting Servlet engine: [Apache Tomcat/10.1.33]
2026-06-25 21:10:28 - Initializing Spring embedded WebApplicationContext
2026-06-25 21:10:28 - Root WebApplicationContext: initialization completed in 8959 ms
2026-06-25 21:10:29 - HHH000204: Processing PersistenceUnitInfo [name: default]
2026-06-25 21:10:30 - HHH000412: Hibernate ORM core version 6.6.2.Final
2026-06-25 21:10:30 - HHH000026: Second-level cache disabled
2026-06-25 21:10:31 - No LoadTimeWeaver setup: ignoring JPA class transformer
2026-06-25 21:10:31 - HikariPool-1 - Starting...
2026-06-25 21:10:42 - HikariPool-1 - Added connection conn1: url=jdbc:h2:file:./data/auth_db user=SA
2026-06-25 21:10:42 - HikariPool-1 - Start completed.
2026-06-25 21:10:42 - HHH10001005: Database info:
	Database JDBC URL [Connecting through datasource 'HikariDataSource (HikariPool-1)']
	Database driver: undefined/unknown
	Database version: 2.3.232
	Autocommit mode: undefined/unknown
	Isolation level: undefined/unknown
	Minimum pool size: undefined/unknown
	Maximum pool size: undefined/unknown
2026-06-25 21:10:44 - HHH000489: No JTA platform available (set 'hibernate.transaction.jta.platform' to enable JTA platform integration)
2026-06-25 21:10:44 - Initialized JPA EntityManagerFactory for persistence unit 'default'
2026-06-25 21:10:45 - Global AuthenticationManager configured with UserDetailsService bean with name customUserDetailsService
2026-06-25 21:10:47 - Cannot determine local hostname
2026-06-25 21:10:47 - Exposing 1 endpoint beneath base path '/actuator'
2026-06-25 21:10:50 - Cannot determine local hostname
2026-06-25 21:10:50 - Eureka HTTP Client uses RestTemplate.
2026-06-25 21:10:50 - Spring Cloud LoadBalancer is currently working with the default cache. While this cache implementation is useful for development and tests, it's recommended to use Caffeine cache in production.You can switch to using Caffeine cache, by adding it and org.springframework.cache.caffeine.CaffeineCacheManager to the classpath.
2026-06-25 21:10:50 - Setting initial instance status as: STARTING
2026-06-25 21:10:50 - Initializing Eureka in region us-east-1
2026-06-25 21:10:50 - Resolving eureka endpoints via configuration
2026-06-25 21:10:50 - Disable delta property : false
2026-06-25 21:10:50 - Single vip registry refresh property : null
2026-06-25 21:10:50 - Force full registry fetch : false
2026-06-25 21:10:50 - Application is null : false
2026-06-25 21:10:50 - Registered Applications size is zero : true
2026-06-25 21:10:50 - Application version is -1: true
2026-06-25 21:10:50 - Getting all instance registry info from the eureka server
2026-06-25 21:10:52 - The response status is 200
2026-06-25 21:10:52 - Starting heartbeat executor: renew interval is: 30
2026-06-25 21:10:52 - InstanceInfoReplicator onDemand update allowed rate per min is 4
2026-06-25 21:10:52 - Discovery Client initialized at timestamp 1782418252128 with initial instances count: 2
2026-06-25 21:10:52 - Registering application AUTH-SERVICE with eureka with status UP
2026-06-25 21:10:52 - Saw local status change event StatusChangeEvent [timestamp=1782418252161, current=UP, previous=STARTING]
2026-06-25 21:10:52 - DiscoveryClient_AUTH-SERVICE/localhost:auth-service:8085: registering service...
2026-06-25 21:10:52 - Tomcat started on port 8085 (http) with context path '/'
2026-06-25 21:10:52 - Updating port to 8085
2026-06-25 21:10:52 - DiscoveryClient_AUTH-SERVICE/localhost:auth-service:8085 - registration status: 204
2026-06-25 21:10:53 - Cannot determine local hostname
2026-06-25 21:10:53 - Started AuthServiceApplication in 36.769 seconds (process running for 40.089)
2026-06-25 21:10:53 - Initializing auth-service data...
2026-06-25 21:10:54 - select count(*) from users u1_0
2026-06-25 21:10:54 - Auth data already exists, skipping initialization
