2026-06-25 21:48:18 - Starting DashboardApplication using Java 21.0.11 with PID 16848 (C:\Users\We10\Documents\GitHub\TeenTracker\Backend\dashboard-service\target\classes started by We10 in C:\Users\We10\Documents\GitHub\TeenTracker\Backend\dashboard-service)
2026-06-25 21:48:18 - No active profile set, falling back to 1 default profile: "default"
2026-06-25 21:48:20 - BeanFactory id=45ee411f-6882-3551-bbd4-d7153b421fe6
2026-06-25 21:48:21 - Tomcat initialized with port 8083 (http)
2026-06-25 21:48:21 - Starting service [Tomcat]
2026-06-25 21:48:21 - Starting Servlet engine: [Apache Tomcat/10.1.33]
2026-06-25 21:48:21 - Initializing Spring embedded WebApplicationContext
2026-06-25 21:48:21 - Root WebApplicationContext: initialization completed in 2696 ms
2026-06-25 21:48:22 - Cannot determine local hostname
2026-06-25 21:48:23 - 

Using generated security password: 43038150-e936-445c-aa03-59990b7fba21

This generated password is for development use only. Your security configuration must be updated before running your application in production.

2026-06-25 21:48:23 - Global AuthenticationManager configured with UserDetailsService bean with name inMemoryUserDetailsManager
2026-06-25 21:48:23 - Adding welcome page template: index
2026-06-25 21:48:24 - Cannot determine local hostname
2026-06-25 21:48:25 - Exposing 1 endpoint beneath base path '/actuator'
2026-06-25 21:48:26 - Eureka HTTP Client uses RestTemplate.
2026-06-25 21:48:26 - Spring Cloud LoadBalancer is currently working with the default cache. While this cache implementation is useful for development and tests, it's recommended to use Caffeine cache in production.You can switch to using Caffeine cache, by adding it and org.springframework.cache.caffeine.CaffeineCacheManager to the classpath.
2026-06-25 21:48:26 - Setting initial instance status as: STARTING
2026-06-25 21:48:26 - Initializing Eureka in region us-east-1
2026-06-25 21:48:26 - Resolving eureka endpoints via configuration
2026-06-25 21:48:26 - Disable delta property : false
2026-06-25 21:48:26 - Single vip registry refresh property : null
2026-06-25 21:48:26 - Force full registry fetch : false
2026-06-25 21:48:26 - Application is null : false
2026-06-25 21:48:26 - Registered Applications size is zero : true
2026-06-25 21:48:26 - Application version is -1: true
2026-06-25 21:48:26 - Getting all instance registry info from the eureka server
2026-06-25 21:48:27 - The response status is 200
2026-06-25 21:48:27 - Starting heartbeat executor: renew interval is: 30
2026-06-25 21:48:27 - InstanceInfoReplicator onDemand update allowed rate per min is 4
2026-06-25 21:48:27 - Discovery Client initialized at timestamp 1782420507187 with initial instances count: 0
2026-06-25 21:48:27 - Registering application DASHBOARD-SERVICE with eureka with status UP
2026-06-25 21:48:27 - Saw local status change event StatusChangeEvent [timestamp=1782420507203, current=UP, previous=STARTING]
2026-06-25 21:48:27 - DiscoveryClient_DASHBOARD-SERVICE/localhost:dashboard-service:8083: registering service...
2026-06-25 21:48:27 - Tomcat started on port 8083 (http) with context path '/'
2026-06-25 21:48:27 - Updating port to 8083
2026-06-25 21:48:27 - DiscoveryClient_DASHBOARD-SERVICE/localhost:dashboard-service:8083 - registration status: 204
2026-06-25 21:48:28 - Cannot determine local hostname
2026-06-25 21:48:28 - Started DashboardApplication in 11.911 seconds (process running for 13.143)
2026-06-25 21:48:28 - Service de tableau de bord démarré avec succès
2026-06-25 21:48:34 - Initializing Spring DispatcherServlet 'dispatcherServlet'
2026-06-25 21:48:34 - Initializing Servlet 'dispatcherServlet'
2026-06-25 21:48:34 - Completed initialization in 2 ms
2026-06-25 21:48:57 - Disable delta property : false
2026-06-25 21:48:57 - Single vip registry refresh property : null
2026-06-25 21:48:57 - Force full registry fetch : false
2026-06-25 21:48:57 - Application is null : false
2026-06-25 21:48:57 - Registered Applications size is zero : true
2026-06-25 21:48:57 - Application version is -1: false
2026-06-25 21:48:57 - Getting all instance registry info from the eureka server
2026-06-25 21:48:57 - The response status is 200
2026-06-25 21:53:26 - Resolving eureka endpoints via configuration
