2026-06-25 21:47:48 - Starting DiscoveryApplication using Java 21.0.11 with PID 19688 (C:\Users\We10\Documents\GitHub\TeenTracker\Backend\discovery-service\target\classes started by We10 in C:\Users\We10\Documents\GitHub\TeenTracker\Backend\discovery-service)
2026-06-25 21:47:48 - No active profile set, falling back to 1 default profile: "default"
2026-06-25 21:47:50 - BeanFactory id=556efc9f-7aaf-34b5-821b-2f482739c8b4
2026-06-25 21:47:51 - Tomcat initialized with port 8761 (http)
2026-06-25 21:47:51 - Starting service [Tomcat]
2026-06-25 21:47:51 - Starting Servlet engine: [Apache Tomcat/10.1.33]
2026-06-25 21:47:51 - Initializing Spring embedded WebApplicationContext
2026-06-25 21:47:51 - Root WebApplicationContext: initialization completed in 3242 ms
2026-06-25 21:47:53 - Using JSON encoding codec LegacyJacksonJson
2026-06-25 21:47:53 - Using JSON decoding codec LegacyJacksonJson
2026-06-25 21:47:54 - Using XML encoding codec XStreamXml
2026-06-25 21:47:54 - Using XML decoding codec XStreamXml
2026-06-25 21:47:56 - Cannot determine local hostname
2026-06-25 21:47:58 - Cannot determine local hostname
2026-06-25 21:47:58 - Spring Cloud LoadBalancer is currently working with the default cache. While this cache implementation is useful for development and tests, it's recommended to use Caffeine cache in production.You can switch to using Caffeine cache, by adding it and org.springframework.cache.caffeine.CaffeineCacheManager to the classpath.
2026-06-25 21:47:58 - Setting initial instance status as: STARTING
2026-06-25 21:47:58 - Initializing Eureka in region us-east-1
2026-06-25 21:47:58 - Client configured to neither register nor query for data.
2026-06-25 21:47:58 - Discovery Client initialized at timestamp 1782420478716 with initial instances count: 0
2026-06-25 21:47:58 - Initializing ...
2026-06-25 21:47:58 - The replica size seems to be empty. Check the route 53 DNS Registry
2026-06-25 21:47:58 - Finished initializing remote region registries. All known remote regions: []
2026-06-25 21:47:58 - Initialized
2026-06-25 21:47:58 - Exposing 1 endpoint beneath base path '/actuator'
2026-06-25 21:47:59 - Registering application UNKNOWN with eureka with status UP
2026-06-25 21:47:59 - isAws returned false
2026-06-25 21:47:59 - Initialized server context
2026-06-25 21:47:59 - Got 1 instances from neighboring DS node
2026-06-25 21:47:59 - Renew threshold is: 1
2026-06-25 21:47:59 - Changing status to UP
2026-06-25 21:47:59 - Started Eureka Server
2026-06-25 21:47:59 - Tomcat started on port 8761 (http) with context path '/'
2026-06-25 21:47:59 - Updating port to 8761
2026-06-25 21:48:00 - Cannot determine local hostname
2026-06-25 21:48:00 - Started DiscoveryApplication in 14.316 seconds (process running for 15.277)
2026-06-25 21:48:00 - Service de découverte Eureka démarré avec succès
2026-06-25 21:48:22 - Initializing Spring DispatcherServlet 'dispatcherServlet'
2026-06-25 21:48:22 - Initializing Servlet 'dispatcherServlet'
2026-06-25 21:48:22 - Completed initialization in 2 ms
2026-06-25 21:48:22 - Registered instance GATEWAY-SERVICE/localhost:gateway-service:8080 with status UP (replication=false)
2026-06-25 21:48:27 - Registered instance DASHBOARD-SERVICE/localhost:dashboard-service:8083 with status UP (replication=false)
2026-06-25 21:48:34 - Registered instance CORE-SERVICE/localhost:core-service:8081 with status UP (replication=false)
2026-06-25 21:48:59 - Running the evict task with compensationTime 0ms
2026-06-25 21:49:59 - Running the evict task with compensationTime 4ms
2026-06-25 21:50:59 - Running the evict task with compensationTime 2ms
2026-06-25 21:51:59 - Running the evict task with compensationTime 9ms
2026-06-25 21:52:59 - Running the evict task with compensationTime 12ms
2026-06-25 21:53:59 - Running the evict task with compensationTime 14ms
